<html>
<body>
<pre>
<h1>µVision Build Log</h1>
<h2>Tool Versions:</h2>
IDE-Version: •ÏVision V5.18.0.0
Copyright (C) 2016 ARM Ltd and ARM Germany GmbH. All rights reserved.
License Information: y y y Flex license: MDK-ARM Standard Cortex-M only: 27 user(s) (mdk_cm_std) Borrow: 30 Jun 2022
 
Tool Versions:
Toolchain:       MDK-ARM Standard Cortex-M only: 27 user(s)  Version: 5.18
Toolchain Path:  C:\Keil_v5\ARM\ARMCC\Bin
C Compiler:      Armcc.exe V5.06 update 1 (build 61)
Assembler:       Armasm.exe V5.06 update 1 (build 61)
Linker/Locator:  ArmLink.exe V5.06 update 1 (build 61)
Library Manager: ArmAr.exe V5.06 update 1 (build 61)
Hex Converter:   FromElf.exe V5.06 update 1 (build 61)
CPU DLL:         SARMCM3.DLL V5.18
Dialog DLL:      DCM.DLL V1.13.6.0
Target DLL:      UL2CM3.DLL V1.157.5.0
Dialog DLL:      TCM.DLL V1.14.8.0
 
<h2>Project:</h2>
C:\Users\CSE\Desktop\embededchallenge\project\RTOS\MDK-ARM\Project.uvprojx
Project File Date:  05/23/2022

<h2>Output:</h2>
*** Using Compiler 'V5.06 update 1 (build 61)', folder: 'C:\Keil_v5\ARM\ARMCC\Bin'
Rebuild target 'PWM(Motor)'
compiling ts3510.c...
compiling stmpe1600.c...
compiling stmpe811.c...
compiling stm32f4xx_hal_gpio.c...
compiling stm32f4xx_hal.c...
compiling system_stm32f4xx.c...
compiling stm32f4xx_hal_cortex.c...
compiling stm32f4xx_hal_pwr_ex.c...
compiling stm324x9i_eval_io.c...
compiling stm32f4xx_hal_dma_ex.c...
compiling stm324x9i_eval.c...
compiling stm32f4xx_hal_rcc.c...
assembling startup_stm32f429xx.s...
compiling stm32f4xx_hal_i2c.c...
compiling stm32f4xx_hal_sram.c...
compiling stm32f4xx_ll_usb.c...
compiling stm32f4xx_ll_fmc.c...
compiling stm32f4xx_hal_adc_ex.c...
compiling stm32f4xx_hal_adc.c...
compiling stm32f4xx_hal_tim_ex.c...
compiling list.c...
compiling stm32f4xx_hal_uart.c...
compiling queue.c...
compiling heap_4.c...
compiling timers.c...
compiling tasks.c...
compiling stm32f4xx_hal_msp.c...
compiling port.c...
compiling main.c...
..\Src\main.c(509): warning:  #167-D: argument of type "void (*)()" is incompatible with parameter of type "pdTASK_CODE"
  	 
TaskCreate( Detect_obstacle, "obstacle", 1000, NULL, 2, NULL);
..\Src\main.c(511): warning:  #167-D: argument of type "void (*)()" is incompatible with parameter of type "pdTASK_CODE"
  	 
TaskCreate( Motor_control, "motor", 1000, NULL, 2, NULL);
..\Src\main.c(866): warning:  #1-D: last line of file ends without a newline
  /************************ (C) COPYRIGHT STMicroelectronics *****END OF FILE****/
..\Src\main.c: 3 warnings, 0 errors
compiling cmsis_os.c...
compiling stm32f4xx_hal_tim.c...
compiling stm32f4xx_hal_dma.c...
compiling stm32f4xx_it.c...
linking...
Program Size: Code=17184 RO-data=500 RW-data=252 ZI-data=27836  
FromELF: creating hex file...
".\output\PWM(Motor).axf" - 0 Error(s), 3 Warning(s).

<h2>Collection of Component include folders:</h2>
  C:\Users\CSE\Desktop\embededchallenge\project\RTOS\MDK-ARM\RTE
  C:\Keil_v5\ARM\PACK\Keil\STM32F4xx_DFP\2.4.0\Drivers\CMSIS\Device\ST\STM32F4xx\Include

<h2>Collection of Component Files used:</h2>
Build Time Elapsed:  00:00:03
</pre>
</body>
</html>
